
> impact-ds-storybook@0.0.0 build-storybook
> storybook build --output-dir=/private/var/folders/kz/96s_pbps23v2fk81bcd5f6nr0000gp/T/chromatic--47749-7B5c9T66pb4p


[90m┌[39m  Building storybook v10.6.0
[90m│[39m
[32m◇[39m  Cleaning outputDir:
[90m│[39m  [36m../../../../../private/var/folders/kz/96s_pbps23v2fk81bcd5f6nr0000gp/T/chromatic--47749-7B5c9T66pb4p[39m
[90m│[39m
[32m◇[39m  Loading presets
[90m│[39m
[32m◇[39m  Building manager..
[90m│[39m
[34m●[39m  Building open services..
[90m│[39m
[34m●[39m  Building preview..
[90m│[39m
[33m▲[39m  No story files found for the specified pattern: [34msrc/**/*.mdx[39m
[90m│[39m  [43mVite[49m [36mvite v8.2.2 [32mbuilding client environment for production...[36m[39m
transforming...
✓ 167 modules transformed.
rendering chunks...
computing gzip size...
[90m│[39m  [43mVite[49m
[90m│[39m  ../../../../../private/var/folders/kz/96s_pbps23v2fk81bcd5f6nr0000gp/T/chromatic--47749-7B5c9T66pb4p/iframe.html
[90m│[39m  19.27 kB │ gzip:   5.36 kB
[90m│[39m  ../../../../../private/var/folders/kz/96s_pbps23v2fk81bcd5f6nr0000gp/T/chromatic--47749-7B5c9T66pb4p/assets/Button-Cp7YAJR5.css
[90m│[39m  2.31 kB │ gzip:   0.65 kB
[90m│[39m  ../../../../../private/var/folders/kz/96s_pbps23v2fk81bcd5f6nr0000gp/T/chromatic--47749-7B5c9T66pb4p/assets/iframe--JpzNx1z.js
[90m│[39m  0.04 kB │ gzip:   0.06 kB
[90m│[39m  ../../../../../private/var/folders/kz/96s_pbps23v2fk81bcd5f6nr0000gp/T/chromatic--47749-7B5c9T66pb4p/assets/components-DcE3Lbfn.js
[90m│[39m  0.21 kB │ gzip:   0.18 kB
[90m│[39m  ../../../../../private/var/folders/kz/96s_pbps23v2fk81bcd5f6nr0000gp/T/chromatic--47749-7B5c9T66pb4p/assets/chunk-242VQQM5-bHL6qIJq.js
[90m│[39m  0.24 kB │ gzip:   0.20 kB
[90m│[39m  ../../../../../private/var/folders/kz/96s_pbps23v2fk81bcd5f6nr0000gp/T/chromatic--47749-7B5c9T66pb4p/assets/formatter-L2YTDE3Q-RkjpF8cC.js
[90m│[39m  0.30 kB │ gzip:   0.24 kB
[90m│[39m  ../../../../../private/var/folders/kz/96s_pbps23v2fk81bcd5f6nr0000gp/T/chromatic--47749-7B5c9T66pb4p/assets/chunk-QQBDHPVZ-DC5n6Pix.js
[90m│[39m  0.32 kB │ gzip:   0.20 kB
[90m│[39m  ../../../../../private/var/folders/kz/96s_pbps23v2fk81bcd5f6nr0000gp/T/chromatic--47749-7B5c9T66pb4p/assets/jsx-runtime-DeHZSEgm.js
[90m│[39m  0.43 kB │ gzip:   0.30 kB
[90m│[39m  ../../../../../private/var/folders/kz/96s_pbps23v2fk81bcd5f6nr0000gp/T/chromatic--47749-7B5c9T66pb4p/assets/react-PJ1eyfoT.js
[90m│[39m  0.58 kB │ gzip:   0.35 kB
[90m│[39m  ../../../../../private/var/folders/kz/96s_pbps23v2fk81bcd5f6nr0000gp/T/chromatic--47749-7B5c9T66pb4p/assets/rolldown-runtime-DkW27tQK.js
[90m│[39m  1.19 kB │ gzip:   0.67 kB
[90m│[39m  ../../../../../private/var/folders/kz/96s_pbps23v2fk81bcd5f6nr0000gp/T/chromatic--47749-7B5c9T66pb4p/assets/preload-helper-wdlQj8DP.js
[90m│[39m  1.31 kB │ gzip:   0.74 kB
[90m│[39m  ../../../../../private/var/folders/kz/96s_pbps23v2fk81bcd5f6nr0000gp/T/chromatic--47749-7B5c9T66pb4p/assets/chunk-IMSF75WX-CGYlPTyG.js
[90m│[39m  1.67 kB │ gzip:   0.91 kB
[90m│[39m  ../../../../../private/var/folders/kz/96s_pbps23v2fk81bcd5f6nr0000gp/T/chromatic--47749-7B5c9T66pb4p/assets/chunk-DRQKCCAG-DtXejAOb.js
[90m│[39m  3.38 kB │ gzip:   1.41 kB
[90m│[39m  ../../../../../private/var/folders/kz/96s_pbps23v2fk81bcd5f6nr0000gp/T/chromatic--47749-7B5c9T66pb4p/assets/react-dom-D3-8XOjN.js
[90m│[39m  3.58 kB │ gzip:   1.37 kB
[90m│[39m  ../../../../../private/var/folders/kz/96s_pbps23v2fk81bcd5f6nr0000gp/T/chromatic--47749-7B5c9T66pb4p/assets/chunk-7PIQR4A3-BGgO7bU4.js
[90m│[39m  5.14 kB │ gzip:   1.93 kB
[90m│[39m  ../../../../../private/var/folders/kz/96s_pbps23v2fk81bcd5f6nr0000gp/T/chromatic--47749-7B5c9T66pb4p/assets/Button.stories-Bk1iIHhs.js
[90m│[39m  7.92 kB │ gzip:   2.34 kB
[90m│[39m  ../../../../../private/var/folders/kz/96s_pbps23v2fk81bcd5f6nr0000gp/T/chromatic--47749-7B5c9T66pb4p/assets/chunk-W22LQPXL-CCuyNHy_.js
[90m│[39m  22.75 kB │ gzip:   7.60 kB
[90m│[39m  ../../../../../private/var/folders/kz/96s_pbps23v2fk81bcd5f6nr0000gp/T/chromatic--47749-7B5c9T66pb4p/vite-inject-mocker-entry.js
[90m│[39m  27.84 kB │ gzip:   9.66 kB
[90m│[39m  ../../../../../private/var/folders/kz/96s_pbps23v2fk81bcd5f6nr0000gp/T/chromatic--47749-7B5c9T66pb4p/assets/matchers-JIUQ3HVY-C789_MAK.js
[90m│[39m  28.79 kB │ gzip:   9.68 kB
[90m│[39m  ../../../../../private/var/folders/kz/96s_pbps23v2fk81bcd5f6nr0000gp/T/chromatic--47749-7B5c9T66pb4p/assets/Color-6AOWCN3U-CoVq9n0C.js
[90m│[39m  30.39 kB │ gzip:  11.49 kB
[90m│[39m  ../../../../../private/var/folders/kz/96s_pbps23v2fk81bcd5f6nr0000gp/T/chromatic--47749-7B5c9T66pb4p/assets/WithTooltip-CDUNV5IS-PniGDbGP.js
[90m│[39m  32.75 kB │ gzip:  11.49 kB
[90m│[39m  ../../../../../private/var/folders/kz/96s_pbps23v2fk81bcd5f6nr0000gp/T/chromatic--47749-7B5c9T66pb4p/assets/theming-DZhP0B6k.js
[90m│[39m  55.40 kB │ gzip:  21.34 kB
[90m│[39m  ../../../../../private/var/folders/kz/96s_pbps23v2fk81bcd5f6nr0000gp/T/chromatic--47749-7B5c9T66pb4p/assets/syntaxhighlighter-4REYKNEV-DZQ-cFx3.js
[90m│[39m  75.89 kB │ gzip:  27.26 kB
[90m│[39m  ../../../../../private/var/folders/kz/96s_pbps23v2fk81bcd5f6nr0000gp/T/chromatic--47749-7B5c9T66pb4p/assets/react-18-WWGrG_iP.js
[90m│[39m  179.10 kB │ gzip:  56.67 kB
[90m│[39m  ../../../../../private/var/folders/kz/96s_pbps23v2fk81bcd5f6nr0000gp/T/chromatic--47749-7B5c9T66pb4p/assets/axe-DAwsjurR.js
[90m│[39m  586.95 kB │ gzip: 160.20 kB
[90m│[39m  ../../../../../private/var/folders/kz/96s_pbps23v2fk81bcd5f6nr0000gp/T/chromatic--47749-7B5c9T66pb4p/assets/DocsRenderer-JROSPFPF-BZEByTRc.js
[90m│[39m  753.27 kB │ gzip: 239.09 kB
[90m│[39m  ../../../../../private/var/folders/kz/96s_pbps23v2fk81bcd5f6nr0000gp/T/chromatic--47749-7B5c9T66pb4p/assets/iframe-Cy_-1K5c.js
[90m│[39m  1,136.54 kB │ gzip: 324.21 kB

[90m│[39m
[33m▲[39m  [43mVite[49m [33m[plugin builtin:vite-reporter]
[90m│[39m  (!) Some chunks are larger than 500 kB after minification. Consider:
[90m│[39m  - Using dynamic import() to code-split the application
[90m│[39m  - Use build.rolldownOptions.output.codeSplitting to improve chunking:
[90m│[39m  https://rolldown.rs/reference/OutputOptions.codeSplitting
[90m│[39m  - Adjust chunk size limit for this warning via
[90m│[39m  build.chunkSizeWarningLimit.[39m
[90m│[39m  [43mVite[49m [32m✓ built in 664ms[39m
[90m│[39m
[32m◇[39m  Output directory:
[90m│[39m  /private/var/folders/kz/96s_pbps23v2fk81bcd5f6nr0000gp/T/chromatic--47749-7B5c9T66pb4p
[90m│[39m
[90m└[39m  Storybook build completed successfully

